
===== SAME-X PAIRS =====
x=0.275000
  side=LOWER score=2.588823e-01  component=-2.588823e-01  raw=-2.588823e-01
  side=UPPER score=1.773083e-01  component=1.773083e-01  raw=1.773083e-01
x=0.725000
  side=LOWER score=2.227338e-01  component=2.227338e-01  raw=2.227338e-01
  side=UPPER score=2.145365e-02  component=-2.145365e-02  raw=-2.145365e-02

===== SAME-X PAIRS =====
No same-x upper/lower pairs in current candidate set.

===== SAME-X PAIRS =====
x=0.612500
  side=LOWER score=2.433670e-02  component=2.433670e-02  raw=2.433670e-02
  side=UPPER score=3.337778e-02  component=-3.337778e-02  raw=-3.337778e-02
x=0.837500
  side=LOWER score=1.337947e-02  component=-1.337947e-02  raw=-1.337947e-02
  side=UPPER score=9.768745e-03  component=-9.768745e-03  raw=-9.768745e-03

===== SAME-X PAIRS =====
x=0.387500
  side=LOWER score=7.722707e-04  component=7.722707e-04  raw=7.722707e-04
  side=UPPER score=5.011642e-02  component=5.011642e-02  raw=5.011642e-02
x=0.837500
  side=LOWER score=1.095481e-02  component=-1.095481e-02  raw=-1.095481e-02
  side=UPPER score=1.117270e-02  component=-1.117270e-02  raw=-1.117270e-02

===== SAME-X PAIRS =====
x=0.837500
  side=LOWER score=1.774311e-02  component=1.774311e-02  raw=1.774311e-02
  side=UPPER score=7.672459e-03  component=-7.672459e-03  raw=-7.672459e-03
