SCORE[IKKT] side=UPPER candidate=0.275000  mode=IKKT  r_new=-5.577973e-02  score=5.577973e-02  gnew=-2.129703e-02  n_active=1  evals=15
  active = ['CL']
  lambda = [0.0138]
SCORE[IKKT] side=UPPER candidate=0.725000  mode=IKKT  r_new=-8.575000e-02  score=8.575000e-02  gnew=-5.459733e-02  n_active=1  evals=15
  active = ['CL']
  lambda = [0.0125]
SCORE[IKKT] side=LOWER candidate=0.275000  mode=IKKT  r_new=-2.908245e-01  score=2.908245e-01  gnew=-2.824579e-01  n_active=1  evals=15
  active = ['CL']
  lambda = [0.0033]
SCORE[IKKT] side=LOWER candidate=0.725000  mode=IKKT  r_new=1.890143e-01  score=1.890143e-01  gnew=2.506963e-01  n_active=1  evals=15
  active = ['CL']
  lambda = [0.0247]
SCORE[IKKT] side=UPPER candidate=0.275000  mode=IKKT  r_new=-9.721812e-02  score=9.721812e-02  gnew=-6.500652e-02  n_active=1  evals=19
  active = ['CL']
  lambda = [0.0064]
SCORE[IKKT] side=UPPER candidate=0.725000  mode=IKKT  r_new=-5.888722e-02  score=5.888722e-02  gnew=-3.713354e-02  n_active=1  evals=19
  active = ['CL']
  lambda = [0.0087]
SCORE[IKKT] side=LOWER candidate=0.162500  mode=IKKT  r_new=-5.463417e-02  score=5.463417e-02  gnew=-8.111791e-02  n_active=1  evals=19
  active = ['CL']
  lambda = [0.0106]
SCORE[IKKT] side=LOWER candidate=0.387500  mode=IKKT  r_new=-6.621361e-02  score=6.621361e-02  gnew=-9.317982e-02  n_active=1  evals=19
  active = ['CL']
  lambda = [0.0108]
SCORE[IKKT] side=LOWER candidate=0.612500  mode=IKKT  r_new=7.731722e-03  score=7.731722e-03  gnew=1.097154e-01  n_active=1  evals=19
  active = ['CL']
  lambda = [0.0102]
SCORE[IKKT] side=LOWER candidate=0.837500  mode=IKKT  r_new=4.746311e-02  score=4.746311e-02  gnew=7.364806e-02  n_active=1  evals=19
  active = ['CL']
  lambda = [0.0105]
SCORE[IKKT] side=UPPER candidate=0.162500  mode=IKKT  r_new=-2.940827e-01  score=2.940827e-01  gnew=-3.062464e-01  n_active=1  evals=23
  active = ['CL']
  lambda = [-0.0049]
SCORE[IKKT] side=UPPER candidate=0.387500  mode=IKKT  r_new=1.904446e-01  score=1.904446e-01  gnew=2.186582e-01  n_active=1  evals=23
  active = ['CL']
  lambda = [0.0113]
SCORE[IKKT] side=UPPER candidate=0.725000  mode=IKKT  r_new=-7.519408e-02  score=7.519408e-02  gnew=-6.911705e-02  n_active=1  evals=23
  active = ['CL']
  lambda = [0.0024]
SCORE[IKKT] side=LOWER candidate=0.162500  mode=IKKT  r_new=-1.496581e-02  score=1.496581e-02  gnew=-1.496581e-02  n_active=1  evals=23
  active = ['CL']
  lambda = [0.0049]
SCORE[IKKT] side=LOWER candidate=0.331250  mode=IKKT  r_new=1.002513e-03  score=1.002513e-03  gnew=1.002513e-03  n_active=1  evals=23
  active = ['CL']
  lambda = [0.0049]
SCORE[IKKT] side=LOWER candidate=0.443750  mode=IKKT  r_new=2.859447e-02  score=2.859447e-02  gnew=2.859447e-02  n_active=1  evals=23
  active = ['CL']
  lambda = [0.0049]
SCORE[IKKT] side=LOWER candidate=0.612500  mode=IKKT  r_new=1.471277e-02  score=1.471277e-02  gnew=2.828204e-02  n_active=1  evals=23
  active = ['CL']
  lambda = [0.0054]
SCORE[IKKT] side=LOWER candidate=0.837500  mode=IKKT  r_new=-1.655972e-02  score=1.655972e-02  gnew=2.606780e-03  n_active=1  evals=23
  active = ['CL']
  lambda = [0.0038]
SCORE[IKKT] side=UPPER candidate=0.106250  mode=IKKT  r_new=-1.419015e-01  score=1.419015e-01  gnew=-1.560431e-01  n_active=1  evals=27
  active = ['CL']
  lambda = [-0.0057]
SCORE[IKKT] side=UPPER candidate=0.218750  mode=IKKT  r_new=-3.323165e-02  score=3.323165e-02  gnew=-4.098093e-02  n_active=1  evals=27
  active = ['CL']
  lambda = [-0.0031]
SCORE[IKKT] side=UPPER candidate=0.331250  mode=IKKT  r_new=1.273900e-01  score=1.273900e-01  gnew=1.290890e-01  n_active=1  evals=27
  active = ['CL']
  lambda = [0.0007]
SCORE[IKKT] side=UPPER candidate=0.443750  mode=IKKT  r_new=1.034047e-01  score=1.034047e-01  gnew=1.036929e-01  n_active=1  evals=27
  active = ['CL']
  lambda = [0.0001]
SCORE[IKKT] side=UPPER candidate=0.725000  mode=IKKT  r_new=-5.877575e-02  score=5.877575e-02  gnew=-6.802762e-02  n_active=1  evals=27
  active = ['CL']
  lambda = [-0.0037]
SCORE[IKKT] side=LOWER candidate=0.162500  mode=IKKT  r_new=-1.640833e-02  score=1.640833e-02  gnew=-1.640833e-02  n_active=1  evals=27
  active = ['CL']
  lambda = [-0.0023]
SCORE[IKKT] side=LOWER candidate=0.331250  mode=IKKT  r_new=1.947450e-03  score=1.947450e-03  gnew=1.947450e-03  n_active=1  evals=27
  active = ['CL']
  lambda = [-0.0023]
SCORE[IKKT] side=LOWER candidate=0.443750  mode=IKKT  r_new=2.379251e-02  score=2.379251e-02  gnew=2.379251e-02  n_active=1  evals=27
  active = ['CL']
  lambda = [-0.0023]
SCORE[IKKT] side=LOWER candidate=0.612500  mode=IKKT  r_new=1.042552e-02  score=1.042552e-02  gnew=5.244315e-03  n_active=1  evals=27
  active = ['CL']
  lambda = [-0.0021]
SCORE[IKKT] side=LOWER candidate=0.837500  mode=IKKT  r_new=-6.957134e-03  score=6.957134e-03  gnew=-2.018305e-02  n_active=1  evals=27
  active = ['CL']
  lambda = [-0.0026]
SCORE[IKKT] side=UPPER candidate=0.078125  mode=IKKT  r_new=-1.148787e-01  score=1.148787e-01  gnew=-1.148787e-01  n_active=1  evals=31
  active = ['CL']
  lambda = [0.003]
SCORE[IKKT] side=UPPER candidate=0.134375  mode=IKKT  r_new=-1.502859e-01  score=1.502859e-01  gnew=-1.502859e-01  n_active=1  evals=31
  active = ['CL']
  lambda = [0.003]
SCORE[IKKT] side=UPPER candidate=0.218750  mode=IKKT  r_new=-5.045802e-02  score=5.045802e-02  gnew=-4.613707e-02  n_active=1  evals=31
  active = ['CL']
  lambda = [0.0017]
SCORE[IKKT] side=UPPER candidate=0.303125  mode=IKKT  r_new=7.931277e-02  score=7.931277e-02  gnew=9.174439e-02  n_active=1  evals=31
  active = ['CL']
  lambda = [0.005]
SCORE[IKKT] side=UPPER candidate=0.359375  mode=IKKT  r_new=1.188957e-01  score=1.188957e-01  gnew=1.338012e-01  n_active=1  evals=31
  active = ['CL']
  lambda = [0.006]
SCORE[IKKT] side=UPPER candidate=0.443750  mode=IKKT  r_new=0.000000e+00  score=0.000000e+00  gnew=0.000000e+00  n_active=1  evals=31
  active = ['CL']
  lambda = [0.003]
SCORE[IKKT] side=UPPER candidate=0.725000  mode=IKKT  r_new=-6.768687e-02  score=6.768687e-02  gnew=-6.444273e-02  n_active=1  evals=31
  active = ['CL']
  lambda = [0.0013]
SCORE[IKKT] side=LOWER candidate=0.162500  mode=IKKT  r_new=-1.964625e-02  score=1.964625e-02  gnew=-1.964625e-02  n_active=1  evals=31
  active = ['CL']
  lambda = [0.003]
SCORE[IKKT] side=LOWER candidate=0.331250  mode=IKKT  r_new=-4.834635e-03  score=4.834635e-03  gnew=-4.834635e-03  n_active=1  evals=31
  active = ['CL']
  lambda = [0.003]
SCORE[IKKT] side=LOWER candidate=0.443750  mode=IKKT  r_new=1.907650e-02  score=1.907650e-02  gnew=1.907650e-02  n_active=1  evals=31
  active = ['CL']
  lambda = [0.003]
SCORE[IKKT] side=LOWER candidate=0.612500  mode=IKKT  r_new=2.512105e-03  score=2.512105e-03  gnew=1.014369e-02  n_active=1  evals=31
  active = ['CL']
  lambda = [0.0031]
SCORE[IKKT] side=LOWER candidate=0.837500  mode=IKKT  r_new=-2.191425e-02  score=2.191425e-02  gnew=-1.244366e-02  n_active=1  evals=31
  active = ['CL']
  lambda = [0.0019]
